// Jest Snapshot v1, https://goo.gl/fbAQLP

exports[`renders the UI as expected 1`] = `
<div
  className="session-participant"
>
  <img
    alt="Calvin Rosehart"
    className="user-avatar"
    src="https://robohash.org/itaquevoluptatumrerum.jpg?size=200x200&set=set1"
  />
  <div
    className="participant-info"
  >
    <h6
      className="participant-name"
    >
      Calvin Rosehart
    </h6>
    <div
      className="true"
    />
    <div
      className="true"
    />
  </div>
</div>
`;
