// Jest Snapshot v1, https://goo.gl/fbAQLP

exports[`renders the UI as expected 1`] = `
<div
  className="participants-list"
>
  <div
    className="session-participant"
  >
    <img
      className="user-avatar"
      src="https://robohash.org/itaquevoluptatumrerum.jpg?size=200x200&set=set1"
    />
    <div
      className="participant-info"
    >
      <h6
        className="participant-name"
      />
      <div
        className="participant-status participant-status__green"
      />
    </div>
  </div>
  <div
    className="session-participant"
  >
    <img
      className="user-avatar"
      src="https://robohash.org/doloredolorescupiditate.jpg?size=200x200&set=set1"
    />
    <div
      className="participant-info"
    >
      <h6
        className="participant-name"
      />
      <div
        className="participant-status participant-status__green"
      />
    </div>
  </div>
  <div
    className="session-participant"
  >
    <img
      className="user-avatar"
      src="https://robohash.org/utlaborumfugit.jpg?size=200x200&set=set1"
    />
    <div
      className="participant-info"
    >
      <h6
        className="participant-name"
      />
      <div
        className="participant-status participant-status__green"
      />
    </div>
  </div>
  <div
    className="session-participant"
  >
    <img
      className="user-avatar"
      src="https://robohash.org/etexercitationemassumenda.jpg?size=200x200&set=set1"
    />
    <div
      className="participant-info"
    >
      <h6
        className="participant-name"
      />
      <div
        className="participant-status participant-status__green"
      />
    </div>
  </div>
  <div
    className="session-participant"
  >
    <img
      className="user-avatar"
      src="https://robohash.org/iustodoloremqueinventore.jpg?size=200x200&set=set1"
    />
    <div
      className="participant-info"
    >
      <h6
        className="participant-name"
      />
      <div
        className="participant-status participant-status__green"
      />
    </div>
  </div>
</div>
`;
