// Jest Snapshot v1, https://goo.gl/fbAQLP

exports[`renders the UI as expected 1`] = `
<div
  className="participants-list"
>
  <div
    className="session-participant"
  >
    <img
      alt="Koren Templeton"
      className="user-avatar"
      src="https://robohash.org/itaquevoluptatumrerum.jpg?size=200x200&set=set1"
    />
    <div
      className="participant-info"
    >
      <h6
        className="participant-name"
      >
        Koren Templeton
      </h6>
      <div
        className="onStage-true"
      />
      <div
        className="onStage-true"
      />
    </div>
  </div>
  <div
    className="session-participant"
  >
    <img
      alt="Caty Flucker"
      className="user-avatar"
      src="https://robohash.org/doloredolorescupiditate.jpg?size=200x200&set=set1"
    />
    <div
      className="participant-info"
    >
      <h6
        className="participant-name"
      >
        Caty Flucker
      </h6>
      <div
        className="onStage-false"
      />
      <div
        className="onStage-true"
      />
    </div>
  </div>
  <div
    className="session-participant"
  >
    <img
      alt="Frank Runciman"
      className="user-avatar"
      src="https://robohash.org/etexercitationemassumenda.jpg?size=200x200&set=set1"
    />
    <div
      className="participant-info"
    >
      <h6
        className="participant-name"
      >
        Frank Runciman
      </h6>
      <div
        className="onStage-false"
      />
      <div
        className="onStage-true"
      />
    </div>
  </div>
  <div
    className="session-participant"
  >
    <img
      alt="Ashla Attwool"
      className="user-avatar"
      src="https://robohash.org/iustodoloremqueinventore.jpg?size=200x200&set=set1"
    />
    <div
      className="participant-info"
    >
      <h6
        className="participant-name"
      >
        Ashla Attwool
      </h6>
      <div
        className="onStage-true"
      />
      <div
        className="onStage-true"
      />
    </div>
  </div>
</div>
`;
