// Jest Snapshot v1, https://goo.gl/fbAQLP

exports[`renders the UI as expected 1`] = `
<div
  className="stage"
>
  <section>
    <div>
      <h6>
        Koren Templeton
      </h6>
    </div>
    <div>
      <img
        alt="Koren Templeton"
        src="https://robohash.org/itaquevoluptatumrerum.jpg?size=200x200&set=set1"
      />
    </div>
  </section>
  <section>
    <div>
      <h6>
        Ashla Attwool
      </h6>
    </div>
    <div>
      <img
        alt="Ashla Attwool"
        src="https://robohash.org/iustodoloremqueinventore.jpg?size=200x200&set=set1"
      />
    </div>
  </section>
</div>
`;
